2026-04-06 19:12:34,840 INFO o.a.j.u.JMeterUtils: Setting Locale to en_EN
2026-04-06 19:12:34,871 INFO o.a.j.JMeter: Loading user properties from: /opt/homebrew/Cellar/jmeter/5.6.3/libexec/bin/user.properties
2026-04-06 19:12:34,872 INFO o.a.j.JMeter: Loading system properties from: /opt/homebrew/Cellar/jmeter/5.6.3/libexec/bin/system.properties
2026-04-06 19:12:34,876 INFO o.a.j.JMeter: Copyright (c) 1998-2024 The Apache Software Foundation
2026-04-06 19:12:34,876 INFO o.a.j.JMeter: Version 5.6.3
2026-04-06 19:12:34,876 INFO o.a.j.JMeter: java.version=21.0.10
2026-04-06 19:12:34,876 INFO o.a.j.JMeter: java.vm.name=OpenJDK 64-Bit Server VM
2026-04-06 19:12:34,876 INFO o.a.j.JMeter: os.name=Mac OS X
2026-04-06 19:12:34,876 INFO o.a.j.JMeter: os.arch=aarch64
2026-04-06 19:12:34,876 INFO o.a.j.JMeter: os.version=26.1
2026-04-06 19:12:34,876 INFO o.a.j.JMeter: file.encoding=UTF-8
2026-04-06 19:12:34,876 INFO o.a.j.JMeter: java.awt.headless=null
2026-04-06 19:12:34,876 INFO o.a.j.JMeter: Max memory     =1073741824
2026-04-06 19:12:34,876 INFO o.a.j.JMeter: Available Processors =8
2026-04-06 19:12:34,883 INFO o.a.j.JMeter: Default Locale=English (EN)
2026-04-06 19:12:34,884 INFO o.a.j.JMeter: JMeter  Locale=English (EN)
2026-04-06 19:12:34,884 INFO o.a.j.JMeter: JMeterHome=/opt/homebrew/Cellar/jmeter/5.6.3/libexec
2026-04-06 19:12:34,884 INFO o.a.j.JMeter: user.dir  =/Users/macbook/STUDY/Java/finance_tracker/tracker
2026-04-06 19:12:34,884 INFO o.a.j.JMeter: PWD       =/Users/macbook/STUDY/Java/finance_tracker/tracker
2026-04-06 19:12:34,886 INFO o.a.j.JMeter: IP: 127.0.0.1 Name: MacBook-jegorix.local FullName: localhost
2026-04-06 19:12:34,895 INFO o.a.j.JMeter: Loaded icon properties from org/apache/jmeter/images/icon.properties
2026-04-06 19:12:35,811 INFO o.a.j.JMeterGuiLauncher: Setting LAF to: com.github.weisj.darklaf.DarkLaf:com.github.weisj.darklaf.theme.DarculaTheme
2026-04-06 19:12:37,167 INFO o.a.j.r.ClassFinder: Will scan jar /opt/homebrew/Cellar/jmeter/5.6.3/libexec/lib/ext/jmeter-plugins-manager-1.9.jar with filter ExtendsClassFilter [parents=[interface org.apache.jmeter.gui.action.Command], inner=false, contains=null, notContains=null]. Consider exposing JMeter plugins via META-INF/services, and add JMeter-Skip-Class-Scanning=true manifest attribute so JMeter can skip classfile scanning
2026-04-06 19:12:37,232 INFO o.a.j.r.ClassFinder: Will scan jar /opt/homebrew/Cellar/jmeter/5.6.3/libexec/lib/ext/jmeter-plugins-manager-1.9.jar with filter ExtendsClassFilter [parents=[interface org.apache.jmeter.gui.plugin.MenuCreator], inner=false, contains=null, notContains=null]. Consider exposing JMeter plugins via META-INF/services, and add JMeter-Skip-Class-Scanning=true manifest attribute so JMeter can skip classfile scanning
2026-04-06 19:12:37,291 INFO o.j.r.JARSourceHTTP: Requesting https://jmeter-plugins.org/repo/?installID=mac_os_x-a5de766c6f8a2011df6d54a854999bf9-gui
2026-04-06 19:12:38,442 INFO o.a.j.JMeterGuiLauncher: Loading file: /Users/macbook/STUDY/Java/finance_tracker/tracker/docs/jmeter/all-endpoints.jmx
2026-04-06 19:12:38,443 INFO o.a.j.s.FileServer: Default base='/Users/macbook/STUDY/Java/finance_tracker/tracker'
2026-04-06 19:12:38,443 INFO o.a.j.s.FileServer: Set new base='/Users/macbook/STUDY/Java/finance_tracker/tracker/docs/jmeter'
2026-04-06 19:12:38,541 INFO o.a.j.s.SaveService: Testplan (JMX) version: 2.2. Testlog (JTL) version: 2.2
2026-04-06 19:12:38,548 INFO o.a.j.s.SaveService: Using SaveService properties version 5.0
2026-04-06 19:12:38,549 INFO o.a.j.s.SaveService: Using SaveService properties file encoding UTF-8
2026-04-06 19:12:38,550 INFO o.a.j.s.SaveService: Loading file: /Users/macbook/STUDY/Java/finance_tracker/tracker/docs/jmeter/all-endpoints.jmx
2026-04-06 19:12:38,612 INFO o.a.j.p.h.s.HTTPSamplerBase: Parser for text/html is org.apache.jmeter.protocol.http.parser.LagartoBasedHtmlParser
2026-04-06 19:12:38,612 INFO o.a.j.p.h.s.HTTPSamplerBase: Parser for application/xhtml+xml is org.apache.jmeter.protocol.http.parser.LagartoBasedHtmlParser
2026-04-06 19:12:38,612 INFO o.a.j.p.h.s.HTTPSamplerBase: Parser for application/xml is org.apache.jmeter.protocol.http.parser.LagartoBasedHtmlParser
2026-04-06 19:12:38,612 INFO o.a.j.p.h.s.HTTPSamplerBase: Parser for text/xml is org.apache.jmeter.protocol.http.parser.LagartoBasedHtmlParser
2026-04-06 19:12:38,612 INFO o.a.j.p.h.s.HTTPSamplerBase: Parser for text/vnd.wap.wml is org.apache.jmeter.protocol.http.parser.RegexpHTMLParser
2026-04-06 19:12:38,612 INFO o.a.j.p.h.s.HTTPSamplerBase: Parser for text/css is org.apache.jmeter.protocol.http.parser.CssParser
2026-04-06 19:12:38,655 INFO o.a.j.s.FileServer: Set new base='/Users/macbook/STUDY/Java/finance_tracker/tracker/docs/jmeter'
2026-04-06 19:12:38,798 INFO o.j.r.PluginManager: Plugins Status: [jpgc-plugins-manager=1.9, jmeter-core=5.6.3, jmeter-ftp=5.6.3, jmeter-http=5.6.3, jmeter-jdbc=5.6.3, jmeter-jms=5.6.3, jmeter-junit=5.6.3, jmeter-java=5.6.3, jmeter-ldap=5.6.3, jmeter-mail=5.6.3, jmeter-mongodb=5.6.3, jmeter-native=5.6.3, jmeter-tcp=5.6.3, jmeter-components=5.6.3]
2026-04-06 19:12:38,798 INFO o.j.r.PluginManagerMenuItem: Plugins Manager has upgrades: [jpgc-plugins-manager]
2026-04-06 19:12:45,369 INFO o.a.j.e.StandardJMeterEngine: Running the test!
2026-04-06 19:12:45,369 INFO o.a.j.s.SampleEvent: List of sample_variables: []
2026-04-06 19:12:45,369 INFO o.a.j.s.SampleEvent: List of sample_variables: []
2026-04-06 19:12:45,370 INFO o.a.j.e.u.CompoundVariable: Note: Function class names must contain the string: '.functions.'
2026-04-06 19:12:45,370 INFO o.a.j.e.u.CompoundVariable: Note: Function class names must not contain the string: '.gui.'
2026-04-06 19:12:45,385 INFO o.a.j.r.ClassFinder: Will scan jar /opt/homebrew/Cellar/jmeter/5.6.3/libexec/lib/ext/jmeter-plugins-manager-1.9.jar with filter ExtendsClassFilter [parents=[interface org.apache.jmeter.functions.Function], inner=false, contains=null, notContains=null]. Consider exposing JMeter plugins via META-INF/services, and add JMeter-Skip-Class-Scanning=true manifest attribute so JMeter can skip classfile scanning
2026-04-06 19:12:45,406 INFO o.a.j.g.u.JMeterMenuBar: setRunning(true, *local*)
2026-04-06 19:12:45,426 INFO o.a.j.e.StandardJMeterEngine: Starting ThreadGroup: 1 : All Endpoints Flow
2026-04-06 19:12:45,426 INFO o.a.j.e.StandardJMeterEngine: Starting 50 threads for group All Endpoints Flow.
2026-04-06 19:12:45,426 INFO o.a.j.e.StandardJMeterEngine: Thread will continue on error
2026-04-06 19:12:45,426 INFO o.a.j.t.ThreadGroup: Starting thread group... number=1 threads=50 ramp-up=1 delayedStart=false
2026-04-06 19:12:45,430 INFO o.a.j.t.JMeterThread: Thread started: All Endpoints Flow 1-1
2026-04-06 19:12:45,441 INFO o.a.j.p.h.s.HTTPHCAbstractImpl: Local host = MacBook-jegorix.local
2026-04-06 19:12:45,445 INFO o.a.j.p.h.s.HTTPHC4Impl: HTTP request retry count = 0
2026-04-06 19:12:45,446 INFO o.a.j.s.SampleResult: Note: Sample TimeStamps are START times
2026-04-06 19:12:45,446 INFO o.a.j.s.SampleResult: sampleresult.default.encoding is set to UTF-8
2026-04-06 19:12:45,446 INFO o.a.j.s.SampleResult: sampleresult.useNanoTime=true
2026-04-06 19:12:45,446 INFO o.a.j.s.SampleResult: sampleresult.nanoThreadSleep=5000
2026-04-06 19:12:45,454 INFO o.a.j.t.JMeterThread: Thread started: All Endpoints Flow 1-2
2026-04-06 19:12:45,474 INFO o.a.j.t.JMeterThread: Thread started: All Endpoints Flow 1-3
2026-04-06 19:12:45,486 INFO o.a.j.t.ThreadGroup: Started thread group number 1
2026-04-06 19:12:45,486 INFO o.a.j.e.StandardJMeterEngine: All thread groups have been started
2026-04-06 19:12:45,491 INFO o.a.j.t.JMeterThread: Thread started: All Endpoints Flow 1-4
2026-04-06 19:12:45,515 INFO o.a.j.t.JMeterThread: Thread started: All Endpoints Flow 1-5
2026-04-06 19:12:45,536 INFO o.a.j.t.JMeterThread: Thread started: All Endpoints Flow 1-6
2026-04-06 19:12:45,556 INFO o.a.j.t.JMeterThread: Thread started: All Endpoints Flow 1-7
2026-04-06 19:12:45,571 INFO o.a.j.t.JMeterThread: Thread started: All Endpoints Flow 1-8
2026-04-06 19:12:45,594 INFO o.a.j.t.JMeterThread: Thread started: All Endpoints Flow 1-9
2026-04-06 19:12:45,611 INFO o.a.j.t.JMeterThread: Thread started: All Endpoints Flow 1-10
2026-04-06 19:12:45,634 INFO o.a.j.t.JMeterThread: Thread started: All Endpoints Flow 1-11
2026-04-06 19:12:45,653 INFO o.a.j.t.JMeterThread: Thread started: All Endpoints Flow 1-12
2026-04-06 19:12:45,674 INFO o.a.j.t.JMeterThread: Thread started: All Endpoints Flow 1-13
2026-04-06 19:12:45,693 INFO o.a.j.t.JMeterThread: Thread started: All Endpoints Flow 1-14
2026-04-06 19:12:45,713 INFO o.a.j.t.JMeterThread: Thread started: All Endpoints Flow 1-15
2026-04-06 19:12:45,733 INFO o.a.j.t.JMeterThread: Thread started: All Endpoints Flow 1-16
2026-04-06 19:12:45,748 INFO o.a.j.t.JMeterThread: Thread started: All Endpoints Flow 1-17
2026-04-06 19:12:45,772 INFO o.a.j.t.JMeterThread: Thread started: All Endpoints Flow 1-18
2026-04-06 19:12:45,790 INFO o.a.j.t.JMeterThread: Thread started: All Endpoints Flow 1-19
2026-04-06 19:12:45,812 INFO o.a.j.t.JMeterThread: Thread started: All Endpoints Flow 1-20
2026-04-06 19:12:45,830 INFO o.a.j.t.JMeterThread: Thread started: All Endpoints Flow 1-21
2026-04-06 19:12:45,853 INFO o.a.j.t.JMeterThread: Thread started: All Endpoints Flow 1-22
2026-04-06 19:12:45,873 INFO o.a.j.t.JMeterThread: Thread started: All Endpoints Flow 1-23
2026-04-06 19:12:45,892 INFO o.a.j.t.JMeterThread: Thread started: All Endpoints Flow 1-24
2026-04-06 19:12:45,912 INFO o.a.j.t.JMeterThread: Thread started: All Endpoints Flow 1-25
2026-04-06 19:12:45,933 INFO o.a.j.t.JMeterThread: Thread started: All Endpoints Flow 1-26
2026-04-06 19:12:45,954 INFO o.a.j.t.JMeterThread: Thread started: All Endpoints Flow 1-27
2026-04-06 19:12:45,973 INFO o.a.j.t.JMeterThread: Thread started: All Endpoints Flow 1-28
2026-04-06 19:12:45,993 INFO o.a.j.t.JMeterThread: Thread started: All Endpoints Flow 1-29
2026-04-06 19:12:46,012 INFO o.a.j.t.JMeterThread: Thread started: All Endpoints Flow 1-30
2026-04-06 19:12:46,032 INFO o.a.j.t.JMeterThread: Thread started: All Endpoints Flow 1-31
2026-04-06 19:12:46,049 INFO o.a.j.t.JMeterThread: Thread started: All Endpoints Flow 1-32
2026-04-06 19:12:46,074 INFO o.a.j.t.JMeterThread: Thread started: All Endpoints Flow 1-33
2026-04-06 19:12:46,093 INFO o.a.j.t.JMeterThread: Thread started: All Endpoints Flow 1-34
2026-04-06 19:12:46,109 INFO o.a.j.t.JMeterThread: Thread started: All Endpoints Flow 1-35
2026-04-06 19:12:46,133 INFO o.a.j.t.JMeterThread: Thread started: All Endpoints Flow 1-36
2026-04-06 19:12:46,153 INFO o.a.j.t.JMeterThread: Thread started: All Endpoints Flow 1-37
2026-04-06 19:12:46,172 INFO o.a.j.t.JMeterThread: Thread started: All Endpoints Flow 1-38
2026-04-06 19:12:46,193 INFO o.a.j.t.JMeterThread: Thread started: All Endpoints Flow 1-39
2026-04-06 19:12:46,211 INFO o.a.j.t.JMeterThread: Thread started: All Endpoints Flow 1-40
2026-04-06 19:12:46,234 INFO o.a.j.t.JMeterThread: Thread started: All Endpoints Flow 1-41
2026-04-06 19:12:46,256 INFO o.a.j.t.JMeterThread: Thread started: All Endpoints Flow 1-42
2026-04-06 19:12:46,273 INFO o.a.j.t.JMeterThread: Thread started: All Endpoints Flow 1-43
2026-04-06 19:12:46,293 INFO o.a.j.t.JMeterThread: Thread started: All Endpoints Flow 1-44
2026-04-06 19:12:46,313 INFO o.a.j.t.JMeterThread: Thread started: All Endpoints Flow 1-45
2026-04-06 19:12:46,333 INFO o.a.j.t.JMeterThread: Thread started: All Endpoints Flow 1-46
2026-04-06 19:12:46,352 INFO o.a.j.t.JMeterThread: Thread started: All Endpoints Flow 1-47
2026-04-06 19:12:46,371 INFO o.a.j.t.JMeterThread: Thread started: All Endpoints Flow 1-48
2026-04-06 19:12:46,392 INFO o.a.j.t.JMeterThread: Thread started: All Endpoints Flow 1-49
2026-04-06 19:12:46,412 INFO o.a.j.t.JMeterThread: Thread started: All Endpoints Flow 1-50
2026-04-06 19:13:27,687 INFO o.a.j.t.JMeterThread: Thread is done: All Endpoints Flow 1-4
2026-04-06 19:13:27,686 INFO o.a.j.t.JMeterThread: Thread is done: All Endpoints Flow 1-5
2026-04-06 19:13:27,687 INFO o.a.j.t.JMeterThread: Thread is done: All Endpoints Flow 1-2
2026-04-06 19:13:27,686 INFO o.a.j.t.JMeterThread: Thread is done: All Endpoints Flow 1-6
2026-04-06 19:13:27,687 INFO o.a.j.t.JMeterThread: Thread finished: All Endpoints Flow 1-5
2026-04-06 19:13:27,687 INFO o.a.j.t.JMeterThread: Thread finished: All Endpoints Flow 1-4
2026-04-06 19:13:27,687 INFO o.a.j.t.JMeterThread: Thread is done: All Endpoints Flow 1-3
2026-04-06 19:13:27,687 INFO o.a.j.t.JMeterThread: Thread finished: All Endpoints Flow 1-6
2026-04-06 19:13:27,687 INFO o.a.j.t.JMeterThread: Thread finished: All Endpoints Flow 1-2
2026-04-06 19:13:27,687 INFO o.a.j.t.JMeterThread: Thread finished: All Endpoints Flow 1-3
2026-04-06 19:13:27,689 INFO o.a.j.t.JMeterThread: Thread is done: All Endpoints Flow 1-1
2026-04-06 19:13:27,689 INFO o.a.j.t.JMeterThread: Thread finished: All Endpoints Flow 1-1
2026-04-06 19:13:27,787 INFO o.a.j.t.JMeterThread: Thread is done: All Endpoints Flow 1-7
2026-04-06 19:13:27,788 INFO o.a.j.t.JMeterThread: Thread finished: All Endpoints Flow 1-7
2026-04-06 19:13:27,931 INFO o.a.j.t.JMeterThread: Thread is done: All Endpoints Flow 1-8
2026-04-06 19:13:27,931 INFO o.a.j.t.JMeterThread: Thread finished: All Endpoints Flow 1-8
2026-04-06 19:13:28,048 INFO o.a.j.t.JMeterThread: Thread is done: All Endpoints Flow 1-9
2026-04-06 19:13:28,048 INFO o.a.j.t.JMeterThread: Thread finished: All Endpoints Flow 1-9
2026-04-06 19:13:28,138 INFO o.a.j.t.JMeterThread: Thread is done: All Endpoints Flow 1-10
2026-04-06 19:13:28,138 INFO o.a.j.t.JMeterThread: Thread finished: All Endpoints Flow 1-10
2026-04-06 19:13:28,254 INFO o.a.j.t.JMeterThread: Thread is done: All Endpoints Flow 1-11
2026-04-06 19:13:28,254 INFO o.a.j.t.JMeterThread: Thread finished: All Endpoints Flow 1-11
2026-04-06 19:13:28,326 INFO o.a.j.t.JMeterThread: Thread is done: All Endpoints Flow 1-12
2026-04-06 19:13:28,326 INFO o.a.j.t.JMeterThread: Thread finished: All Endpoints Flow 1-12
2026-04-06 19:13:28,403 INFO o.a.j.t.JMeterThread: Thread is done: All Endpoints Flow 1-13
2026-04-06 19:13:28,403 INFO o.a.j.t.JMeterThread: Thread finished: All Endpoints Flow 1-13
2026-04-06 19:13:28,481 INFO o.a.j.t.JMeterThread: Thread is done: All Endpoints Flow 1-14
2026-04-06 19:13:28,481 INFO o.a.j.t.JMeterThread: Thread finished: All Endpoints Flow 1-14
2026-04-06 19:13:28,540 INFO o.a.j.t.JMeterThread: Thread is done: All Endpoints Flow 1-15
2026-04-06 19:13:28,540 INFO o.a.j.t.JMeterThread: Thread finished: All Endpoints Flow 1-15
2026-04-06 19:13:28,581 INFO o.a.j.t.JMeterThread: Thread is done: All Endpoints Flow 1-16
2026-04-06 19:13:28,582 INFO o.a.j.t.JMeterThread: Thread finished: All Endpoints Flow 1-16
2026-04-06 19:13:28,614 INFO o.a.j.t.JMeterThread: Thread is done: All Endpoints Flow 1-17
2026-04-06 19:13:28,614 INFO o.a.j.t.JMeterThread: Thread finished: All Endpoints Flow 1-17
2026-04-06 19:13:28,680 INFO o.a.j.t.JMeterThread: Thread is done: All Endpoints Flow 1-18
2026-04-06 19:13:28,681 INFO o.a.j.t.JMeterThread: Thread finished: All Endpoints Flow 1-18
2026-04-06 19:13:28,725 INFO o.a.j.t.JMeterThread: Thread is done: All Endpoints Flow 1-19
2026-04-06 19:13:28,725 INFO o.a.j.t.JMeterThread: Thread finished: All Endpoints Flow 1-19
2026-04-06 19:13:28,783 INFO o.a.j.t.JMeterThread: Thread is done: All Endpoints Flow 1-20
2026-04-06 19:13:28,784 INFO o.a.j.t.JMeterThread: Thread finished: All Endpoints Flow 1-20
2026-04-06 19:13:28,799 INFO o.a.j.t.JMeterThread: Thread is done: All Endpoints Flow 1-21
2026-04-06 19:13:28,799 INFO o.a.j.t.JMeterThread: Thread finished: All Endpoints Flow 1-21
2026-04-06 19:13:28,831 INFO o.a.j.t.JMeterThread: Thread is done: All Endpoints Flow 1-22
2026-04-06 19:13:28,831 INFO o.a.j.t.JMeterThread: Thread finished: All Endpoints Flow 1-22
2026-04-06 19:13:28,878 INFO o.a.j.t.JMeterThread: Thread is done: All Endpoints Flow 1-23
2026-04-06 19:13:28,878 INFO o.a.j.t.JMeterThread: Thread finished: All Endpoints Flow 1-23
2026-04-06 19:13:28,897 INFO o.a.j.t.JMeterThread: Thread is done: All Endpoints Flow 1-24
2026-04-06 19:13:28,898 INFO o.a.j.t.JMeterThread: Thread finished: All Endpoints Flow 1-24
2026-04-06 19:13:28,939 INFO o.a.j.t.JMeterThread: Thread is done: All Endpoints Flow 1-25
2026-04-06 19:13:28,939 INFO o.a.j.t.JMeterThread: Thread finished: All Endpoints Flow 1-25
2026-04-06 19:13:28,980 INFO o.a.j.t.JMeterThread: Thread is done: All Endpoints Flow 1-26
2026-04-06 19:13:28,980 INFO o.a.j.t.JMeterThread: Thread finished: All Endpoints Flow 1-26
2026-04-06 19:13:29,010 INFO o.a.j.t.JMeterThread: Thread is done: All Endpoints Flow 1-27
2026-04-06 19:13:29,010 INFO o.a.j.t.JMeterThread: Thread finished: All Endpoints Flow 1-27
2026-04-06 19:13:29,011 INFO o.a.j.t.JMeterThread: Thread is done: All Endpoints Flow 1-28
2026-04-06 19:13:29,011 INFO o.a.j.t.JMeterThread: Thread finished: All Endpoints Flow 1-28
2026-04-06 19:13:29,016 INFO o.a.j.t.JMeterThread: Thread is done: All Endpoints Flow 1-29
2026-04-06 19:13:29,016 INFO o.a.j.t.JMeterThread: Thread finished: All Endpoints Flow 1-29
2026-04-06 19:13:29,030 INFO o.a.j.t.JMeterThread: Thread is done: All Endpoints Flow 1-30
2026-04-06 19:13:29,030 INFO o.a.j.t.JMeterThread: Thread finished: All Endpoints Flow 1-30
2026-04-06 19:13:29,060 INFO o.a.j.t.JMeterThread: Thread is done: All Endpoints Flow 1-31
2026-04-06 19:13:29,060 INFO o.a.j.t.JMeterThread: Thread finished: All Endpoints Flow 1-31
2026-04-06 19:13:29,074 INFO o.a.j.t.JMeterThread: Thread is done: All Endpoints Flow 1-32
2026-04-06 19:13:29,075 INFO o.a.j.t.JMeterThread: Thread finished: All Endpoints Flow 1-32
2026-04-06 19:13:29,110 INFO o.a.j.t.JMeterThread: Thread is done: All Endpoints Flow 1-34
2026-04-06 19:13:29,110 INFO o.a.j.t.JMeterThread: Thread is done: All Endpoints Flow 1-33
2026-04-06 19:13:29,110 INFO o.a.j.t.JMeterThread: Thread finished: All Endpoints Flow 1-34
2026-04-06 19:13:29,110 INFO o.a.j.t.JMeterThread: Thread finished: All Endpoints Flow 1-33
2026-04-06 19:13:29,134 INFO o.a.j.t.JMeterThread: Thread is done: All Endpoints Flow 1-36
2026-04-06 19:13:29,134 INFO o.a.j.t.JMeterThread: Thread finished: All Endpoints Flow 1-36
2026-04-06 19:13:29,141 INFO o.a.j.t.JMeterThread: Thread is done: All Endpoints Flow 1-35
2026-04-06 19:13:29,141 INFO o.a.j.t.JMeterThread: Thread finished: All Endpoints Flow 1-35
2026-04-06 19:13:29,156 INFO o.a.j.t.JMeterThread: Thread is done: All Endpoints Flow 1-39
2026-04-06 19:13:29,156 INFO o.a.j.t.JMeterThread: Thread finished: All Endpoints Flow 1-39
2026-04-06 19:13:29,159 INFO o.a.j.t.JMeterThread: Thread is done: All Endpoints Flow 1-37
2026-04-06 19:13:29,159 INFO o.a.j.t.JMeterThread: Thread finished: All Endpoints Flow 1-37
2026-04-06 19:13:29,164 INFO o.a.j.t.JMeterThread: Thread is done: All Endpoints Flow 1-38
2026-04-06 19:13:29,164 INFO o.a.j.t.JMeterThread: Thread finished: All Endpoints Flow 1-38
2026-04-06 19:13:29,170 INFO o.a.j.t.JMeterThread: Thread is done: All Endpoints Flow 1-40
2026-04-06 19:13:29,170 INFO o.a.j.t.JMeterThread: Thread finished: All Endpoints Flow 1-40
2026-04-06 19:13:29,189 INFO o.a.j.t.JMeterThread: Thread is done: All Endpoints Flow 1-41
2026-04-06 19:13:29,189 INFO o.a.j.t.JMeterThread: Thread finished: All Endpoints Flow 1-41
2026-04-06 19:13:29,206 INFO o.a.j.t.JMeterThread: Thread is done: All Endpoints Flow 1-43
2026-04-06 19:13:29,206 INFO o.a.j.t.JMeterThread: Thread finished: All Endpoints Flow 1-43
2026-04-06 19:13:29,226 INFO o.a.j.t.JMeterThread: Thread is done: All Endpoints Flow 1-42
2026-04-06 19:13:29,226 INFO o.a.j.t.JMeterThread: Thread is done: All Endpoints Flow 1-44
2026-04-06 19:13:29,226 INFO o.a.j.t.JMeterThread: Thread finished: All Endpoints Flow 1-42
2026-04-06 19:13:29,226 INFO o.a.j.t.JMeterThread: Thread finished: All Endpoints Flow 1-44
2026-04-06 19:13:29,230 INFO o.a.j.t.JMeterThread: Thread is done: All Endpoints Flow 1-45
2026-04-06 19:13:29,230 INFO o.a.j.t.JMeterThread: Thread finished: All Endpoints Flow 1-45
2026-04-06 19:13:29,236 INFO o.a.j.t.JMeterThread: Thread is done: All Endpoints Flow 1-48
2026-04-06 19:13:29,236 INFO o.a.j.t.JMeterThread: Thread is done: All Endpoints Flow 1-46
2026-04-06 19:13:29,237 INFO o.a.j.t.JMeterThread: Thread is done: All Endpoints Flow 1-49
2026-04-06 19:13:29,237 INFO o.a.j.t.JMeterThread: Thread finished: All Endpoints Flow 1-48
2026-04-06 19:13:29,237 INFO o.a.j.t.JMeterThread: Thread finished: All Endpoints Flow 1-49
2026-04-06 19:13:29,237 INFO o.a.j.t.JMeterThread: Thread finished: All Endpoints Flow 1-46
2026-04-06 19:13:29,239 INFO o.a.j.t.JMeterThread: Thread is done: All Endpoints Flow 1-50
2026-04-06 19:13:29,239 INFO o.a.j.t.JMeterThread: Thread finished: All Endpoints Flow 1-50
2026-04-06 19:13:29,240 INFO o.a.j.t.JMeterThread: Thread is done: All Endpoints Flow 1-47
2026-04-06 19:13:29,241 INFO o.a.j.t.JMeterThread: Thread finished: All Endpoints Flow 1-47
2026-04-06 19:13:29,241 INFO o.a.j.e.StandardJMeterEngine: Notifying test listeners of end of test
2026-04-06 19:13:29,241 INFO o.a.j.g.u.JMeterMenuBar: setRunning(false, *local*)
